[backblue.gif]
[fade.gif]
[index.html]
[fastcdn.hoyoverse.com/mi18n/nap_global/m20260825hy6h8swqv4/upload/736bac9d3d30580d780679cccf833745_2751676283033630192.jpg]
[zenless.hoyoverse.com/en-us/index.html]
[act.hoyoverse.com/common/event/libs/apm/sdk-sea.js]
[act.hoyoverse.com/puzzle/zzz/pz_YXivb7tRbA/vendor.5f0c457c.js]
[act.hoyoverse.com/common/event/packages/apm-helper/index.js]
[act.hoyoverse.com/puzzle/zzz/pz_YXivb7tRbA/config.3ef65fad.js]
[act.hoyoverse.com/puzzle/zzz/pz_YXivb7tRbA/setups.682a2a46.js]
[webstatic.hoyoverse.com/dora/biz/render-template/3.22.15/polyfill.js]
[webstatic.hoyoverse.com/dora/biz/browser-tips/v1/main.js]
[webstatic.hoyoverse.com/dora/biz/analysis/v2/main.js]
[webstatic.hoyoverse.com/dora/lib/vue/2.7.14/vue.runtime.min.js]
[webstatic.hoyoverse.com/dora/biz/render-template/3.22.15/app.js]
[zenless.hoyoverse.com/en-us/options.spineList[0].manifest.img[1].src]
[zenless.hoyoverse.com/en-us/options.spineList[1].manifest.img[0].src]
[zenless.hoyoverse.com/en-us/options.spineList[1].manifest.img[1].src]
[webstatic.hoyoverse.com/dora/biz/mihoyo-analysis/v2/main.js]
[zenless.hoyoverse.com/en-us/plat_cn/m10201340231541/m10201340231541-zh-cn.json]
