[backblue.gif]
[fade.gif]
[index.html]
[sso.unej.ac.id/cas/themes/unej/img/figure.png]
[sso.unej.ac.id/cas/themes/unej/img/shape/shape2.png]
[sso.unej.ac.id/cas/themes/unej/img/shape/shape15.png]
[sso.unej.ac.id/cas/themes/unej/img/shape/shape16.png]
[sso.unej.ac.id/cas/themes/unej/img/shape/shape11.png]
[sso.unej.ac.id/cas/login.html]
[sso.unej.ac.id/cas/webjars/bootstrap/5.1.3/css/bootstrap.min.css]
[sso.unej.ac.id/cas/webjars/font-awesome/6.0.0/css/all.min.css]
[sso.unej.ac.id/cas/themes/unej/css/style.min.css]
[sso.unej.ac.id/cas/themes/unej/img/banner.png]
[sso.unej.ac.id/cas/webjars/fontsource__poppins/4.5.1/latin.css]
[sso.unej.ac.id/cas/webjars/fontsource__poppins/4.5.1/latin-ext.css]
[sso.unej.ac.id/cas/webjars/fontsource__poppins/4.5.1/devanagari.css]
[sso.unej.ac.id/cas/themes/unej/img/unej-icon.svg]
[sso.unej.ac.id/cas/themes/unej/img/elements/bg1.html]
[sso.unej.ac.id/cas/webjars/jquery/3.6.0/jquery.min.js]
[sso.unej.ac.id/cas/webjars/bootstrap/5.1.3/js/bootstrap.bundle.min.js]
[sso.unej.ac.id/cas/themes/unej/js/imagesloaded.pkgd.min.js]
[sso.unej.ac.id/cas/themes/unej/js/main.min.js]
[sso.unej.ac.id/cas/themes/unej/js/cas.js]
[sso.unej.ac.id/cas/webjars/font-awesome/6.0.0/webfonts/fa-brands-400.woff2]
[sso.unej.ac.id/cas/webjars/font-awesome/6.0.0/webfonts/fa-brands-400.ttf]
[sso.unej.ac.id/cas/webjars/font-awesome/6.0.0/webfonts/fa-regular-400.woff2]
[sso.unej.ac.id/cas/webjars/font-awesome/6.0.0/webfonts/fa-regular-400.ttf]
[sso.unej.ac.id/cas/webjars/font-awesome/6.0.0/webfonts/fa-solid-900.woff2]
[sso.unej.ac.id/cas/webjars/font-awesome/6.0.0/webfonts/fa-solid-900.ttf]
[sso.unej.ac.id/cas/webjars/font-awesome/6.0.0/webfonts/fa-v4compatibility.woff2]
[sso.unej.ac.id/cas/webjars/font-awesome/6.0.0/webfonts/fa-v4compatibility.ttf]
[sso.unej.ac.id/cas/themes/img/banner/banner-bg.html]
[sso.unej.ac.id/cas/webjars/fontsource__poppins/4.5.1/files/poppins-latin-100-normal.woff2]
[sso.unej.ac.id/cas/webjars/fontsource__poppins/4.5.1/files/poppins-latin-100-normal.woff]
[sso.unej.ac.id/cas/webjars/fontsource__poppins/4.5.1/files/poppins-latin-200-normal.woff2]
[sso.unej.ac.id/cas/webjars/fontsource__poppins/4.5.1/files/poppins-latin-200-normal.woff]
[sso.unej.ac.id/cas/webjars/fontsource__poppins/4.5.1/files/poppins-latin-300-normal.woff2]
[sso.unej.ac.id/cas/webjars/fontsource__poppins/4.5.1/files/poppins-latin-300-normal.woff]
[sso.unej.ac.id/cas/webjars/fontsource__poppins/4.5.1/files/poppins-latin-400-normal.woff2]
[sso.unej.ac.id/cas/webjars/fontsource__poppins/4.5.1/files/poppins-latin-400-normal.woff]
[sso.unej.ac.id/cas/webjars/fontsource__poppins/4.5.1/files/poppins-latin-500-normal.woff2]
[sso.unej.ac.id/cas/webjars/fontsource__poppins/4.5.1/files/poppins-latin-500-normal.woff]
[sso.unej.ac.id/cas/webjars/fontsource__poppins/4.5.1/files/poppins-latin-600-normal.woff2]
[sso.unej.ac.id/cas/webjars/fontsource__poppins/4.5.1/files/poppins-latin-600-normal.woff]
[sso.unej.ac.id/cas/webjars/fontsource__poppins/4.5.1/files/poppins-latin-700-normal.woff2]
[sso.unej.ac.id/cas/webjars/fontsource__poppins/4.5.1/files/poppins-latin-700-normal.woff]
[sso.unej.ac.id/cas/webjars/fontsource__poppins/4.5.1/files/poppins-latin-800-normal.woff2]
[sso.unej.ac.id/cas/webjars/fontsource__poppins/4.5.1/files/poppins-latin-800-normal.woff]
[sso.unej.ac.id/cas/webjars/fontsource__poppins/4.5.1/files/poppins-latin-900-normal.woff2]
[sso.unej.ac.id/cas/webjars/fontsource__poppins/4.5.1/files/poppins-latin-900-normal.woff]
[sso.unej.ac.id/cas/webjars/fontsource__poppins/4.5.1/files/poppins-latin-ext-100-normal.woff2]
[sso.unej.ac.id/cas/webjars/fontsource__poppins/4.5.1/files/poppins-latin-ext-100-normal.woff]
[sso.unej.ac.id/cas/webjars/fontsource__poppins/4.5.1/files/poppins-latin-ext-200-normal.woff2]
[sso.unej.ac.id/cas/webjars/fontsource__poppins/4.5.1/files/poppins-latin-ext-200-normal.woff]
[sso.unej.ac.id/cas/webjars/fontsource__poppins/4.5.1/files/poppins-latin-ext-300-normal.woff2]
[sso.unej.ac.id/cas/webjars/fontsource__poppins/4.5.1/files/poppins-latin-ext-300-normal.woff]
[sso.unej.ac.id/cas/webjars/fontsource__poppins/4.5.1/files/poppins-latin-ext-400-normal.woff2]
[sso.unej.ac.id/cas/webjars/fontsource__poppins/4.5.1/files/poppins-latin-ext-400-normal.woff]
[sso.unej.ac.id/cas/webjars/fontsource__poppins/4.5.1/files/poppins-latin-ext-500-normal.woff2]
[sso.unej.ac.id/cas/webjars/fontsource__poppins/4.5.1/files/poppins-latin-ext-500-normal.woff]
[sso.unej.ac.id/cas/webjars/fontsource__poppins/4.5.1/files/poppins-latin-ext-600-normal.woff2]
[sso.unej.ac.id/cas/webjars/fontsource__poppins/4.5.1/files/poppins-latin-ext-600-normal.woff]
[sso.unej.ac.id/cas/webjars/fontsource__poppins/4.5.1/files/poppins-latin-ext-700-normal.woff2]
[sso.unej.ac.id/cas/webjars/fontsource__poppins/4.5.1/files/poppins-latin-ext-700-normal.woff]
[sso.unej.ac.id/cas/webjars/fontsource__poppins/4.5.1/files/poppins-latin-ext-800-normal.woff2]
[sso.unej.ac.id/cas/webjars/fontsource__poppins/4.5.1/files/poppins-latin-ext-800-normal.woff]
[sso.unej.ac.id/cas/webjars/fontsource__poppins/4.5.1/files/poppins-latin-ext-900-normal.woff2]
[sso.unej.ac.id/cas/webjars/fontsource__poppins/4.5.1/files/poppins-latin-ext-900-normal.woff]
[sso.unej.ac.id/cas/webjars/fontsource__poppins/4.5.1/files/poppins-devanagari-100-normal.woff2]
[sso.unej.ac.id/cas/webjars/fontsource__poppins/4.5.1/files/poppins-devanagari-100-normal.woff]
[sso.unej.ac.id/cas/webjars/fontsource__poppins/4.5.1/files/poppins-devanagari-200-normal.woff2]
[sso.unej.ac.id/cas/webjars/fontsource__poppins/4.5.1/files/poppins-devanagari-200-normal.woff]
[sso.unej.ac.id/cas/webjars/fontsource__poppins/4.5.1/files/poppins-devanagari-300-normal.woff2]
[sso.unej.ac.id/cas/webjars/fontsource__poppins/4.5.1/files/poppins-devanagari-300-normal.woff]
[sso.unej.ac.id/cas/webjars/fontsource__poppins/4.5.1/files/poppins-devanagari-400-normal.woff2]
[sso.unej.ac.id/cas/webjars/fontsource__poppins/4.5.1/files/poppins-devanagari-400-normal.woff]
[sso.unej.ac.id/cas/webjars/fontsource__poppins/4.5.1/files/poppins-devanagari-500-normal.woff2]
[sso.unej.ac.id/cas/webjars/fontsource__poppins/4.5.1/files/poppins-devanagari-500-normal.woff]
[sso.unej.ac.id/cas/webjars/fontsource__poppins/4.5.1/files/poppins-devanagari-600-normal.woff2]
[sso.unej.ac.id/cas/webjars/fontsource__poppins/4.5.1/files/poppins-devanagari-600-normal.woff]
[sso.unej.ac.id/cas/webjars/fontsource__poppins/4.5.1/files/poppins-devanagari-700-normal.woff2]
[sso.unej.ac.id/cas/webjars/fontsource__poppins/4.5.1/files/poppins-devanagari-700-normal.woff]
[sso.unej.ac.id/cas/webjars/fontsource__poppins/4.5.1/files/poppins-devanagari-800-normal.woff2]
[sso.unej.ac.id/cas/webjars/fontsource__poppins/4.5.1/files/poppins-devanagari-800-normal.woff]
[sso.unej.ac.id/cas/webjars/fontsource__poppins/4.5.1/files/poppins-devanagari-900-normal.woff2]
[sso.unej.ac.id/cas/webjars/fontsource__poppins/4.5.1/files/poppins-devanagari-900-normal.woff]
